#-----------------------------------------------------------
# Vivado v2022.2 (64-bit)
# SW Build 3671981 on Fri Oct 14 05:00:03 MDT 2022
# IP Build 3669848 on Fri Oct 14 08:30:02 MDT 2022
# Start of session at: Thu May 18 01:22:44 2023
# Process ID: 18236
# Current directory: C:/Users/ismae/OneDrive/Escritorio/Lab digitales/Guia 1/guia1
# Command line: vivado.exe -gui_launcher_event rodinguilauncherevent5296 C:\Users\ismae\OneDrive\Escritorio\Lab digitales\Guia 1\guia1\guia1.xpr
# Log file: C:/Users/ismae/OneDrive/Escritorio/Lab digitales/Guia 1/guia1/vivado.log
# Journal file: C:/Users/ismae/OneDrive/Escritorio/Lab digitales/Guia 1/guia1\vivado.jou
# Running On: LAPTOP-KMRB3L2R, OS: Windows, CPU Frequency: 2895 MHz, CPU Physical cores: 16, Host memory: 7907 MB
#-----------------------------------------------------------
start_gui
open_project {C:/Users/ismae/OneDrive/Escritorio/Lab digitales/Guia 1/guia1/guia1.xpr}
update_compile_order -fileset sources_1
reset_run synth_1
synth_design -rtl -rtl_skip_mlo -name rtl_1
close_design
synth_design -rtl -rtl_skip_mlo -name rtl_1
# Disabling source management mode.  This is to allow the top design properties to be set without GUI intervention.
set_property source_mgmt_mode None [current_project]
set_property top mux [current_fileset]
# Re-enabling previously disabled source management mode.
set_property source_mgmt_mode All [current_project]
refresh_design
update_compile_order -fileset sources_1
refresh_design
close_design
synth_design -rtl -rtl_skip_mlo -name rtl_1
close_project
open_project {C:/Users/ismae/OneDrive/Escritorio/Lab digitales/Guia 5/Sesion5/Sesion5.xpr}
update_compile_order -fileset sources_1
launch_simulation
open_wave_config {C:/Users/ismae/OneDrive/Escritorio/Lab digitales/Guia 5/Sesion5/test_reg1_behav.wcfg}
source test_reg1.tcl
relaunch_sim
relaunch_sim
close [ open {C:/Users/ismae/OneDrive/Escritorio/Lab digitales/Guia 5/Sesion5/Sesion5.srcs/sources_1/new/reg_32.sv} w ]
add_files {{C:/Users/ismae/OneDrive/Escritorio/Lab digitales/Guia 5/Sesion5/Sesion5.srcs/sources_1/new/reg_32.sv}}
update_compile_order -fileset sources_1
set_property SOURCE_SET sources_1 [get_filesets sim_1]
close [ open {C:/Users/ismae/OneDrive/Escritorio/Lab digitales/Guia 5/Sesion5/Sesion5.srcs/sim_1/new/test_reg32.sv} w ]
add_files -fileset sim_1 {{C:/Users/ismae/OneDrive/Escritorio/Lab digitales/Guia 5/Sesion5/Sesion5.srcs/sim_1/new/test_reg32.sv}}
update_compile_order -fileset sim_1
# Disabling source management mode.  This is to allow the top design properties to be set without GUI intervention.
set_property source_mgmt_mode None [current_project]
set_property top reg_32 [current_fileset]
# Re-enabling previously disabled source management mode.
set_property source_mgmt_mode All [current_project]
# Disabling source management mode.  This is to allow the top design properties to be set without GUI intervention.
set_property source_mgmt_mode None [current_project]
set_property top reg_32 [get_filesets sim_1]
set_property top_lib xil_defaultlib [get_filesets sim_1]
# Re-enabling previously disabled source management mode.
set_property source_mgmt_mode All [current_project]
update_compile_order -fileset sources_1
update_compile_order -fileset sim_1
close_sim
launch_simulation
open_wave_config {C:/Users/ismae/OneDrive/Escritorio/Lab digitales/Guia 5/Sesion5/test_reg1_behav.wcfg}
source reg_32.tcl
# Disabling source management mode.  This is to allow the top design properties to be set without GUI intervention.
set_property source_mgmt_mode None [current_project]
set_property top test_reg32 [get_filesets sim_1]
set_property top_lib xil_defaultlib [get_filesets sim_1]
# Re-enabling previously disabled source management mode.
set_property source_mgmt_mode All [current_project]
update_compile_order -fileset sim_1
launch_simulation
launch_simulation
close_sim
launch_simulation
open_wave_config {C:/Users/ismae/OneDrive/Escritorio/Lab digitales/Guia 5/Sesion5/test_reg1_behav.wcfg}
source test_reg32.tcl
close_sim
launch_simulation
open_wave_config {C:/Users/ismae/OneDrive/Escritorio/Lab digitales/Guia 5/Sesion5/test_reg1_behav.wcfg}
source test_reg32.tcl
close_sim
launch_simulation
open_wave_config {C:/Users/ismae/OneDrive/Escritorio/Lab digitales/Guia 5/Sesion5/test_reg1_behav.wcfg}
source test_reg32.tcl
close_sim
launch_simulation
open_wave_config {C:/Users/ismae/OneDrive/Escritorio/Lab digitales/Guia 5/Sesion5/test_reg1_behav.wcfg}
source test_reg32.tcl
create_project project_1 {C:/Users/ismae/OneDrive/Escritorio/Lab digitales/Guia 5/project_1} -part xc7a100tcsg324-1
file mkdir C:/Users/ismae/OneDrive/Escritorio/Lab digitales/Guia 5/project_1/project_1.srcs/sources_1/new
file mkdir C:/Users/ismae/OneDrive/Escritorio/Lab digitales/Guia 5/project_1/project_1.srcs/sources_1/new
file mkdir C:/Users/ismae/OneDrive/Escritorio/Lab digitales/Guia 5/project_1/project_1.srcs/sources_1/new
file mkdir {C:/Users/ismae/OneDrive/Escritorio/Lab digitales/Guia 5/project_1/project_1.srcs/sources_1/new}
close [ open {C:/Users/ismae/OneDrive/Escritorio/Lab digitales/Guia 5/project_1/project_1.srcs/sources_1/new/registro_32.sv} w ]
add_files {{C:/Users/ismae/OneDrive/Escritorio/Lab digitales/Guia 5/project_1/project_1.srcs/sources_1/new/registro_32.sv}}
update_compile_order -fileset sources_1
file mkdir C:/Users/ismae/OneDrive/Escritorio/Lab digitales/Guia 5/project_1/project_1.srcs/sim_1/new
file mkdir C:/Users/ismae/OneDrive/Escritorio/Lab digitales/Guia 5/project_1/project_1.srcs/sim_1/new
file mkdir C:/Users/ismae/OneDrive/Escritorio/Lab digitales/Guia 5/project_1/project_1.srcs/sim_1/new
file mkdir C:/Users/ismae/OneDrive/Escritorio/Lab digitales/Guia 5/project_1/project_1.srcs/sim_1/new
file mkdir C:/Users/ismae/OneDrive/Escritorio/Lab digitales/Guia 5/project_1/project_1.srcs/sim_1/new
set_property SOURCE_SET sources_1 [get_filesets sim_1]
file mkdir C:/Users/ismae/OneDrive/Escritorio/Lab digitales/Guia 5/project_1/project_1.srcs/sim_1/new
file mkdir {C:/Users/ismae/OneDrive/Escritorio/Lab digitales/Guia 5/project_1/project_1.srcs/sim_1/new}
close [ open {C:/Users/ismae/OneDrive/Escritorio/Lab digitales/Guia 5/project_1/project_1.srcs/sim_1/new/test_registro_32.sv} w ]
add_files -fileset sim_1 {{C:/Users/ismae/OneDrive/Escritorio/Lab digitales/Guia 5/project_1/project_1.srcs/sim_1/new/test_registro_32.sv}}
update_compile_order -fileset sim_1
update_compile_order -fileset sim_1
launch_simulation
source test_registro_32.tcl
relaunch_sim
open_project {C:/Users/ismae/OneDrive/Escritorio/Lab digitales/Guia 4/Act3/Act3.xpr}
update_compile_order -fileset sources_1
current_project Sesion5
current_sim simulation_6
# Disabling source management mode.  This is to allow the top design properties to be set without GUI intervention.
set_property source_mgmt_mode None [current_project]
set_property top registro [current_fileset]
# Re-enabling previously disabled source management mode.
set_property source_mgmt_mode All [current_project]
update_compile_order -fileset sources_1
synth_design -rtl -rtl_skip_mlo -name rtl_1
set_property SOURCE_SET sources_1 [get_filesets sim_1]
close [ open {C:/Users/ismae/OneDrive/Escritorio/Lab digitales/Guia 5/Sesion5/Sesion5.srcs/sim_1/new/alu_reg.sv} w ]
add_files -fileset sim_1 {{C:/Users/ismae/OneDrive/Escritorio/Lab digitales/Guia 5/Sesion5/Sesion5.srcs/sim_1/new/alu_reg.sv}}
update_compile_order -fileset sim_1
export_ip_user_files -of_objects  [get_files {{C:/Users/ismae/OneDrive/Escritorio/Lab digitales/Guia 5/Sesion5/Sesion5.srcs/sim_1/new/alu_reg.sv}}] -no_script -reset -force -quiet
remove_files  -fileset sim_1 {{C:/Users/ismae/OneDrive/Escritorio/Lab digitales/Guia 5/Sesion5/Sesion5.srcs/sim_1/new/alu_reg.sv}}
close [ open {C:/Users/ismae/OneDrive/Escritorio/Lab digitales/Guia 5/Sesion5/Sesion5.srcs/sources_1/new/alu_reg.sv} w ]
add_files {{C:/Users/ismae/OneDrive/Escritorio/Lab digitales/Guia 5/Sesion5/Sesion5.srcs/sources_1/new/alu_reg.sv}}
update_compile_order -fileset sources_1
close [ open {C:/Users/ismae/OneDrive/Escritorio/Lab digitales/Guia 5/Sesion5/Sesion5.srcs/sources_1/new/reg_param.sv} w ]
add_files {{C:/Users/ismae/OneDrive/Escritorio/Lab digitales/Guia 5/Sesion5/Sesion5.srcs/sources_1/new/reg_param.sv}}
update_compile_order -fileset sources_1
close [ open {C:/Users/ismae/OneDrive/Escritorio/Lab digitales/Guia 5/Sesion5/Sesion5.srcs/sources_1/new/S4_actividad3.sv} w ]
add_files {{C:/Users/ismae/OneDrive/Escritorio/Lab digitales/Guia 5/Sesion5/Sesion5.srcs/sources_1/new/S4_actividad3.sv}}
update_compile_order -fileset sources_1
export_ip_user_files -of_objects  [get_files {{C:/Users/ismae/OneDrive/Escritorio/Lab digitales/Guia 5/Sesion5/Sesion5.srcs/sources_1/new/reg_32.sv}}] -no_script -reset -force -quiet
remove_files  {{C:/Users/ismae/OneDrive/Escritorio/Lab digitales/Guia 5/Sesion5/Sesion5.srcs/sources_1/new/reg_32.sv}}
export_ip_user_files -of_objects  [get_files {{C:/Users/ismae/OneDrive/Escritorio/Lab digitales/Guia 5/Sesion5/Sesion5.srcs/sim_1/new/test_reg32.sv}}] -no_script -reset -force -quiet
remove_files  -fileset sim_1 {{C:/Users/ismae/OneDrive/Escritorio/Lab digitales/Guia 5/Sesion5/Sesion5.srcs/sim_1/new/test_reg32.sv}}
update_compile_order -fileset sim_1
update_compile_order -fileset sim_1
close [ open {C:/Users/ismae/OneDrive/Escritorio/Lab digitales/Guia 5/Sesion5/Sesion5.srcs/sources_1/new/counter_Nbits.sv} w ]
add_files {{C:/Users/ismae/OneDrive/Escritorio/Lab digitales/Guia 5/Sesion5/Sesion5.srcs/sources_1/new/counter_Nbits.sv}}
close [ open {C:/Users/ismae/OneDrive/Escritorio/Lab digitales/Guia 5/Sesion5/Sesion5.srcs/sources_1/new/S4_actividad1.sv} w ]
add_files {{C:/Users/ismae/OneDrive/Escritorio/Lab digitales/Guia 5/Sesion5/Sesion5.srcs/sources_1/new/S4_actividad1.sv}}
close [ open {C:/Users/ismae/OneDrive/Escritorio/Lab digitales/Guia 5/Sesion5/Sesion5.srcs/sources_1/new/BCD_to_sevenSeg.sv} w ]
add_files {{C:/Users/ismae/OneDrive/Escritorio/Lab digitales/Guia 5/Sesion5/Sesion5.srcs/sources_1/new/BCD_to_sevenSeg.sv}}
close [ open {C:/Users/ismae/OneDrive/Escritorio/Lab digitales/Guia 5/Sesion5/Sesion5.srcs/sources_1/new/Dec_8.sv} w ]
add_files {{C:/Users/ismae/OneDrive/Escritorio/Lab digitales/Guia 5/Sesion5/Sesion5.srcs/sources_1/new/Dec_8.sv}}
close [ open {C:/Users/ismae/OneDrive/Escritorio/Lab digitales/Guia 5/Sesion5/Sesion5.srcs/sources_1/new/Mux_temporal_multi_bits.sv} w ]
add_files {{C:/Users/ismae/OneDrive/Escritorio/Lab digitales/Guia 5/Sesion5/Sesion5.srcs/sources_1/new/Mux_temporal_multi_bits.sv}}
update_compile_order -fileset sources_1
# Disabling source management mode.  This is to allow the top design properties to be set without GUI intervention.
set_property source_mgmt_mode None [current_project]
set_property top alu_reg [current_fileset]
# Re-enabling previously disabled source management mode.
set_property source_mgmt_mode All [current_project]
update_compile_order -fileset sources_1
refresh_design
refresh_design
refresh_design
refresh_design
set_property SOURCE_SET sources_1 [get_filesets sim_1]
close [ open {C:/Users/ismae/OneDrive/Escritorio/Lab digitales/Guia 5/Sesion5/Sesion5.srcs/sim_1/new/test_alu_reg.sv} w ]
add_files -fileset sim_1 {{C:/Users/ismae/OneDrive/Escritorio/Lab digitales/Guia 5/Sesion5/Sesion5.srcs/sim_1/new/test_alu_reg.sv}}
update_compile_order -fileset sim_1
refresh_design
refresh_design
refresh_design
refresh_design
refresh_design
refresh_design
refresh_design
refresh_design
refresh_design
launch_simulation
# Disabling source management mode.  This is to allow the top design properties to be set without GUI intervention.
set_property source_mgmt_mode None [current_project]
set_property top test_alu_reg [get_filesets sim_1]
set_property top_lib xil_defaultlib [get_filesets sim_1]
# Re-enabling previously disabled source management mode.
set_property source_mgmt_mode All [current_project]
update_compile_order -fileset sim_1
close_sim
launch_simulation
close_design
launch_simulation
current_project project_1
close_sim
close_project
close_project
launch_simulation
