#-----------------------------------------------------------
# Vivado v2023.2 (64-bit)
# SW Build 4029153 on Fri Oct 13 20:14:34 MDT 2023
# IP Build 4028589 on Sat Oct 14 00:45:43 MDT 2023
# SharedData Build 4025554 on Tue Oct 10 17:18:54 MDT 2023
# Start of session at: Mon Mar 18 16:30:59 2024
# Process ID: 6312
# Current directory: C:/Users/pmomi/Documents/VivadoXilinx/Usb_Isma/Lab digitales/Lab digitales/Guia 5/Sesion5
# Command line: vivado.exe -gui_launcher_event rodinguilauncherevent17824 C:\Users\pmomi\Documents\VivadoXilinx\Usb_Isma\Lab digitales\Lab digitales\Guia 5\Sesion5\Sesion5.xpr
# Log file: C:/Users/pmomi/Documents/VivadoXilinx/Usb_Isma/Lab digitales/Lab digitales/Guia 5/Sesion5/vivado.log
# Journal file: C:/Users/pmomi/Documents/VivadoXilinx/Usb_Isma/Lab digitales/Lab digitales/Guia 5/Sesion5\vivado.jou
# Running On: Forgiveness, OS: Windows, CPU Frequency: 2496 MHz, CPU Physical cores: 8, Host memory: 16890 MB
#-----------------------------------------------------------
start_gui
open_project {C:/Users/pmomi/Documents/VivadoXilinx/Usb_Isma/Lab digitales/Lab digitales/Guia 5/Sesion5/Sesion5.xpr}
update_compile_order -fileset sources_1
