#-----------------------------------------------------------
# Webtalk v2021.1 (64-bit)
# SW Build 3247384 on Thu Jun 10 19:36:33 MDT 2021
# IP Build 3246043 on Fri Jun 11 00:30:35 MDT 2021
# Start of session at: Mon Jul  4 17:37:22 2022
# Process ID: 26612
# Current directory: C:/Users/angel/OneDriveUsm/MisDatos/Teaching/UsmWork/PartTimeProf/ELO212LabSigDig_2022_1/Vivado_lab_sesions/SesionLab10/Initial_Test_Uart
# Command line: wbtcv.exe -mode batch -source C:/Users/angel/OneDriveUsm/MisDatos/Teaching/UsmWork/PartTimeProf/ELO212LabSigDig_2022_1/Vivado_lab_sesions/SesionLab10/Initial_Test_Uart/TestUart.hw/webtalk/labtool_webtalk.tcl -notrace
# Log file: C:/Users/angel/OneDriveUsm/MisDatos/Teaching/UsmWork/PartTimeProf/ELO212LabSigDig_2022_1/Vivado_lab_sesions/SesionLab10/Initial_Test_Uart/webtalk.log
# Journal file: C:/Users/angel/OneDriveUsm/MisDatos/Teaching/UsmWork/PartTimeProf/ELO212LabSigDig_2022_1/Vivado_lab_sesions/SesionLab10/Initial_Test_Uart\webtalk.jou
#-----------------------------------------------------------
source C:/Users/angel/OneDriveUsm/MisDatos/Teaching/UsmWork/PartTimeProf/ELO212LabSigDig_2022_1/Vivado_lab_sesions/SesionLab10/Initial_Test_Uart/TestUart.hw/webtalk/labtool_webtalk.tcl -notrace
